<?xml version="1.0" encoding="utf-8"?><testsuites><testsuite name="pytest" errors="0" failures="0" skipped="0" tests="4" time="0.215" timestamp="2025-02-27T16:12:42.777221+00:00" hostname="codespaces-1e877c"><testcase classname="app.test_calculator" name="test_add" file="app/test_calculator.py" line="2" time="0.003" /><testcase classname="app.test_calculator" name="test_subtract" file="app/test_calculator.py" line="9" time="0.001" /><testcase classname="app.test_calculator" name="test_multiply" file="app/test_calculator.py" line="17" time="0.001" /><testcase classname="app.test_calculator" name="test_divide" file="app/test_calculator.py" line="24" time="0.001" /></testsuite></testsuites>